Read	.target.tmpdir "/tmp"
Read	.init.scripts.exists "iscsid" true
Read	.init.scripts.runlevel "iscsid" $["boot.iscsid-early":$["start":["B"], "stop":[]], "iscsid":$["start":["3", "5"], "stop":["3", "5"]]]
Return	true
Read	.init.scripts.exists "boot.iscsid-early" true
Read	.init.scripts.exists "boot.iscsid-early" true
Read	.init.scripts.exists "boot.iscsid-early" true
Read	.init.scripts.runlevel "boot.iscsid-early" $["boot.iscsid-early":$["start":["B"], "stop":[]], "iscsid":$["start":["3", "5"], "stop":["3", "5"]]]
Read	.init.scripts.comment "boot.iscsid-early" $["boot.iscsid-early":$["defstart":["B"], "defstop":[], "description":"", "provides":["iscsiboot"], "reqstart":["boot.proc"], "reqstop":[], "shortdescription":"Starts the iSCSI initiator daemon", "shouldstart":[], "shouldstop":[]], "iscsid":$["defstart":["3", "5"], "defstop":[], "description":"", "provides":["iscsi"], "reqstart":["$network"], "reqstop":[], "shortdescription":"Starts and stops the iSCSI client initiator", "shouldstart":[], "shouldstop":[]]]
Read	.init.scripts.exists "iscsid" true
Read	.init.scripts.exists "iscsid" true
Read	.init.scripts.exists "iscsid" true
Read	.init.scripts.runlevel "iscsid" $["boot.iscsid-early":$["start":["B"], "stop":[]], "iscsid":$["start":["3", "5"], "stop":["3", "5"]]]
Read	.init.scripts.comment "iscsid" $["boot.iscsid-early":$["defstart":["B"], "defstop":[], "description":"", "provides":["iscsiboot"], "reqstart":["boot.proc"], "reqstop":[], "shortdescription":"Starts the iSCSI initiator daemon", "shouldstart":[], "shouldstop":[]], "iscsid":$["defstart":["3", "5"], "defstop":[], "description":"", "provides":["iscsi"], "reqstart":["$network"], "reqstop":[], "shortdescription":"Starts and stops the iSCSI client initiator", "shouldstart":[], "shouldstop":[]]]
Return	nil
